[    6216ms] [WARNING] TextureGenerator: Unknown texture type 'torch', using fallback @ http://localhost:3000/src/textures/TextureGenerator.js:2156
[    6218ms] [WARNING] TextureGenerator: Unknown texture type 'glowstone', using fallback @ http://localhost:3000/src/textures/TextureGenerator.js:2156
[    6221ms] [WARNING] Socket not found for CommunityUI, will retry when UI opens @ http://localhost:3000/src/game/ui/CommunityUI.js:686
[    9245ms] [WARNING] [Game] Frame took 2971.4ms, capping dt to 50ms @ http://localhost:3000/src/game/VoxelGame.jsx:1767
[    9947ms] [WARNING] [.WebGL-0x12400442a00]GL Driver Message (OpenGL, Performance, GL_CLOSE_PATH_NV, High): GPU stall due to ReadPixels @ http://localhost:3000/:0
[    9948ms] [WARNING] [.WebGL-0x12400442a00]GL Driver Message (OpenGL, Performance, GL_CLOSE_PATH_NV, High): GPU stall due to ReadPixels @ http://localhost:3000/:0
[    9948ms] [WARNING] [.WebGL-0x12400442a00]GL Driver Message (OpenGL, Performance, GL_CLOSE_PATH_NV, High): GPU stall due to ReadPixels @ http://localhost:3000/:0
[    9948ms] [WARNING] [.WebGL-0x12400442a00]GL Driver Message (OpenGL, Performance, GL_CLOSE_PATH_NV, High): GPU stall due to ReadPixels (this message will no longer repeat) @ http://localhost:3000/:0
[   10178ms] [WARNING] [Game] Frame took 932.2ms, capping dt to 50ms @ http://localhost:3000/src/game/VoxelGame.jsx:1767
[   11317ms] [WARNING] [SpawnManager] Failed to find ground for Kangaroo at 16.5, 22.6 @ http://localhost:3000/src/game/systems/SpawnManager.js:492
[   11319ms] [WARNING] [SpawnManager] Failed to find ground for Elephant at 31.7, 22.0 @ http://localhost:3000/src/game/systems/SpawnManager.js:492
[   11320ms] [WARNING] [SpawnManager] Failed to find ground for Lorax at 31.5, 18.4 @ http://localhost:3000/src/game/systems/SpawnManager.js:492
[   11321ms] [WARNING] [SpawnManager] Failed to find ground for WienerDog at 29.4, 18.7 @ http://localhost:3000/src/game/systems/SpawnManager.js:492
[   11321ms] [WARNING] [SpawnManager] Failed to find ground for Frog at 50.1, 55.0 @ http://localhost:3000/src/game/systems/SpawnManager.js:492
[   11322ms] [WARNING] [SpawnManager] Failed to find ground for Frog at 55.3, 54.0 @ http://localhost:3000/src/game/systems/SpawnManager.js:492
[   11322ms] [WARNING] [SpawnManager] Failed to find ground for Giraffe at 49.7, 60.9 @ http://localhost:3000/src/game/systems/SpawnManager.js:492
[   11322ms] [WARNING] [SpawnManager] Failed to find ground for MagicalCreature at 53.5, 64.0 @ http://localhost:3000/src/game/systems/SpawnManager.js:492
[   11323ms] [WARNING] [SpawnManager] Failed to find ground for HelicopterPlant at 49.5, 57.2 @ http://localhost:3000/src/game/systems/SpawnManager.js:492
[   11323ms] [WARNING] [SpawnManager] Failed to find ground for HelicopterPlant at 55.3, 61.0 @ http://localhost:3000/src/game/systems/SpawnManager.js:492
[   11323ms] [WARNING] [SpawnManager] Failed to find ground for HelicopterPlant at 53.1, 56.0 @ http://localhost:3000/src/game/systems/SpawnManager.js:492
[   11323ms] [WARNING] [SpawnManager] Failed to find ground for HelicopterPlant at 58.1, 58.8 @ http://localhost:3000/src/game/systems/SpawnManager.js:492
[   11327ms] [WARNING] [SpawnManager] Failed to find ground for Tiger at 21.0, 69.5 @ http://localhost:3000/src/game/systems/SpawnManager.js:492
[   11327ms] [WARNING] [SpawnManager] Failed to find ground for Tiger at 23.3, 64.4 @ http://localhost:3000/src/game/systems/SpawnManager.js:492
[   11327ms] [WARNING] [SpawnManager] Failed to find ground for MagicalCreature at 25.4, 71.0 @ http://localhost:3000/src/game/systems/SpawnManager.js:492
[   11328ms] [WARNING] [SpawnManager] Failed to find ground for ShyPlant at 22.3, 68.1 @ http://localhost:3000/src/game/systems/SpawnManager.js:492
[   11328ms] [WARNING] [SpawnManager] Failed to find ground for ShyPlant at 21.0, 71.6 @ http://localhost:3000/src/game/systems/SpawnManager.js:492
[   11328ms] [WARNING] [SpawnManager] Failed to find ground for ShyPlant at 29.0, 72.7 @ http://localhost:3000/src/game/systems/SpawnManager.js:492
[   11328ms] [WARNING] [SpawnManager] Failed to find ground for ShyPlant at 28.7, 71.5 @ http://localhost:3000/src/game/systems/SpawnManager.js:492
[   11328ms] [WARNING] [SpawnManager] Failed to find ground for ShyPlant at 21.6, 65.0 @ http://localhost:3000/src/game/systems/SpawnManager.js:492
[   11328ms] [WARNING] [SpawnManager] Failed to find ground for ShyPlant at 21.2, 66.5 @ http://localhost:3000/src/game/systems/SpawnManager.js:492
[   11329ms] [WARNING] [SpawnManager] Failed to find ground for ShyPlant at 22.6, 68.5 @ http://localhost:3000/src/game/systems/SpawnManager.js:492
[   11329ms] [WARNING] [SpawnManager] Failed to find ground for ShyPlant at 29.5, 72.2 @ http://localhost:3000/src/game/systems/SpawnManager.js:492
[   11329ms] [WARNING] [SpawnManager] Failed to find ground for Giraffe at 53.4, 79.3 @ http://localhost:3000/src/game/systems/SpawnManager.js:492
[   11329ms] [WARNING] [SpawnManager] Failed to find ground for Giraffe at 53.5, 79.2 @ http://localhost:3000/src/game/systems/SpawnManager.js:492
[   11333ms] [WARNING] [SpawnManager] Failed to find ground for Frog at 36.0, 80.1 @ http://localhost:3000/src/game/systems/SpawnManager.js:492
[   11334ms] [WARNING] [SpawnManager] Failed to find ground for Frog at 33.2, 81.7 @ http://localhost:3000/src/game/systems/SpawnManager.js:492
[   11334ms] [WARNING] [SpawnManager] Failed to find ground for Giraffe at 35.1, 85.0 @ http://localhost:3000/src/game/systems/SpawnManager.js:492
[   11334ms] [WARNING] [SpawnManager] Failed to find ground for Giraffe at 37.5, 86.2 @ http://localhost:3000/src/game/systems/SpawnManager.js:492
[   11334ms] [WARNING] [SpawnManager] Failed to find ground for HelicopterPlant at 85.5, 48.8 @ http://localhost:3000/src/game/systems/SpawnManager.js:492
[   11334ms] [WARNING] [SpawnManager] Failed to find ground for HelicopterPlant at 80.3, 46.4 @ http://localhost:3000/src/game/systems/SpawnManager.js:492
[   11335ms] [WARNING] [SpawnManager] Failed to find ground for HelicopterPlant at 85.1, 41.3 @ http://localhost:3000/src/game/systems/SpawnManager.js:492
[   11335ms] [WARNING] [SpawnManager] Failed to find ground for HelicopterPlant at 87.2, 44.7 @ http://localhost:3000/src/game/systems/SpawnManager.js:492
[   11335ms] [WARNING] [SpawnManager] Failed to find ground for HelicopterPlant at 86.5, 43.4 @ http://localhost:3000/src/game/systems/SpawnManager.js:492
[   11335ms] [WARNING] [SpawnManager] Failed to find ground for Frog at -4.9, 54.1 @ http://localhost:3000/src/game/systems/SpawnManager.js:492
[   11336ms] [WARNING] [SpawnManager] Failed to find ground for Frog at -7.7, 51.6 @ http://localhost:3000/src/game/systems/SpawnManager.js:492
[   11336ms] [WARNING] [SpawnManager] Failed to find ground for Frog at -6.0, 51.6 @ http://localhost:3000/src/game/systems/SpawnManager.js:492
[   11337ms] [WARNING] [SpawnManager] Failed to find ground for Elephant at 26.1, 91.6 @ http://localhost:3000/src/game/systems/SpawnManager.js:492
[   11337ms] [WARNING] [SpawnManager] Failed to find ground for Elephant at 26.4, 91.4 @ http://localhost:3000/src/game/systems/SpawnManager.js:492
[   11337ms] [WARNING] [SpawnManager] Failed to find ground for BouncePod at 28.3, 86.7 @ http://localhost:3000/src/game/systems/SpawnManager.js:492
[   11337ms] [WARNING] [SpawnManager] Failed to find ground for BouncePod at 26.7, 83.6 @ http://localhost:3000/src/game/systems/SpawnManager.js:492
[   11341ms] [WARNING] [SpawnManager] Failed to find ground for HummingBlossom at 4.6, 84.7 @ http://localhost:3000/src/game/systems/SpawnManager.js:492
[   11341ms] [WARNING] [SpawnManager] Failed to find ground for HummingBlossom at 6.5, 78.2 @ http://localhost:3000/src/game/systems/SpawnManager.js:492
[   11342ms] [WARNING] [SpawnManager] Failed to find ground for Frog at 72.7, 86.2 @ http://localhost:3000/src/game/systems/SpawnManager.js:492
[   11342ms] [WARNING] [SpawnManager] Failed to find ground for Frog at 74.5, 88.5 @ http://localhost:3000/src/game/systems/SpawnManager.js:492
[   11342ms] [WARNING] [SpawnManager] Failed to find ground for Frog at 71.3, 87.4 @ http://localhost:3000/src/game/systems/SpawnManager.js:492
[   11345ms] [WARNING] [SpawnManager] Failed to find ground for Tiger at -23.6, 37.7 @ http://localhost:3000/src/game/systems/SpawnManager.js:492
[   11345ms] [WARNING] [SpawnManager] Failed to find ground for Tiger at -24.5, 38.0 @ http://localhost:3000/src/game/systems/SpawnManager.js:492
[   11345ms] [WARNING] [SpawnManager] Failed to find ground for HummingBlossom at -20.4, 31.1 @ http://localhost:3000/src/game/systems/SpawnManager.js:492
[   11346ms] [WARNING] [SpawnManager] Failed to find ground for HummingBlossom at -17.7, 38.5 @ http://localhost:3000/src/game/systems/SpawnManager.js:492
[   11346ms] [WARNING] [SpawnManager] Failed to find ground for HummingBlossom at -19.6, 38.5 @ http://localhost:3000/src/game/systems/SpawnManager.js:492
[   11346ms] [WARNING] [SpawnManager] Failed to find ground for HummingBlossom at -17.8, 33.6 @ http://localhost:3000/src/game/systems/SpawnManager.js:492
[   11346ms] [WARNING] [SpawnManager] Failed to find ground for Bunny at 106.0, 37.1 @ http://localhost:3000/src/game/systems/SpawnManager.js:492
[   11347ms] [WARNING] [SpawnManager] Failed to find ground for Bunny at 106.1, 42.3 @ http://localhost:3000/src/game/systems/SpawnManager.js:492
[   11347ms] [WARNING] [SpawnManager] Failed to find ground for Bunny at 111.7, 35.8 @ http://localhost:3000/src/game/systems/SpawnManager.js:492
[   11348ms] [WARNING] [SpawnManager] Failed to find ground for CrystalPlant at 108.7, 34.2 @ http://localhost:3000/src/game/systems/SpawnManager.js:492
[   11348ms] [WARNING] [SpawnManager] Failed to find ground for CrystalPlant at 109.3, 34.8 @ http://localhost:3000/src/game/systems/SpawnManager.js:492
[   11348ms] [WARNING] [SpawnManager] Failed to find ground for CrystalPlant at 107.4, 39.2 @ http://localhost:3000/src/game/systems/SpawnManager.js:492
[   11349ms] [WARNING] [SpawnManager] Failed to find ground for Reindeer at 29.9, 106.7 @ http://localhost:3000/src/game/systems/SpawnManager.js:492
[   11350ms] [WARNING] [SpawnManager] Failed to find ground for Reindeer at 26.4, 104.0 @ http://localhost:3000/src/game/systems/SpawnManager.js:492
[   11350ms] [WARNING] [SpawnManager] Failed to find ground for Reindeer at 23.1, 98.2 @ http://localhost:3000/src/game/systems/SpawnManager.js:492
[   11350ms] [WARNING] [SpawnManager] Failed to find ground for Reindeer at 25.2, 103.3 @ http://localhost:3000/src/game/systems/SpawnManager.js:492
[   11357ms] [WARNING] [SpawnManager] Failed to find ground for Tiger at -9.9, 87.6 @ http://localhost:3000/src/game/systems/SpawnManager.js:492
[   11358ms] [WARNING] [SpawnManager] Failed to find ground for Frog at -27.4, 70.8 @ http://localhost:3000/src/game/systems/SpawnManager.js:492
[   11358ms] [WARNING] [SpawnManager] Failed to find ground for Frog at -32.0, 65.4 @ http://localhost:3000/src/game/systems/SpawnManager.js:492
[   11358ms] [WARNING] [SpawnManager] Failed to find ground for Frog at -36.2, 69.8 @ http://localhost:3000/src/game/systems/SpawnManager.js:492
[   11358ms] [WARNING] [SpawnManager] Failed to find ground for Frog at -32.8, 70.8 @ http://localhost:3000/src/game/systems/SpawnManager.js:492
[   11358ms] [WARNING] [SpawnManager] Failed to find ground for Frog at 8.5, 103.9 @ http://localhost:3000/src/game/systems/SpawnManager.js:492
[   11358ms] [WARNING] [SpawnManager] Failed to find ground for Frog at 8.5, 107.1 @ http://localhost:3000/src/game/systems/SpawnManager.js:492
[   11359ms] [WARNING] [SpawnManager] Failed to find ground for Frog at 14.6, 106.7 @ http://localhost:3000/src/game/systems/SpawnManager.js:492
[   11359ms] [WARNING] [SpawnManager] Failed to find ground for Frog at 14.3, 105.7 @ http://localhost:3000/src/game/systems/SpawnManager.js:492
[   11359ms] [WARNING] [SpawnManager] Failed to find ground for Unicorn at 14.9, 103.7 @ http://localhost:3000/src/game/systems/SpawnManager.js:492
[   11359ms] [WARNING] [SpawnManager] Failed to find ground for Lorax at 17.8, 108.4 @ http://localhost:3000/src/game/systems/SpawnManager.js:492
[   11361ms] [WARNING] [SpawnManager] Failed to find ground for Chicken at 105.4, 4.8 @ http://localhost:3000/src/game/systems/SpawnManager.js:492
[   11362ms] [WARNING] [SpawnManager] Failed to find ground for Chicken at 112.5, 5.0 @ http://localhost:3000/src/game/systems/SpawnManager.js:492
[   11362ms] [WARNING] [SpawnManager] Failed to find ground for Chicken at 105.1, 4.5 @ http://localhost:3000/src/game/systems/SpawnManager.js:492
[   11362ms] [WARNING] [SpawnManager] Failed to find ground for Chicken at 107.8, 8.0 @ http://localhost:3000/src/game/systems/SpawnManager.js:492
[   11362ms] [WARNING] [SpawnManager] Failed to find ground for HelicopterPlant at 111.8, 8.4 @ http://localhost:3000/src/game/systems/SpawnManager.js:492
[   11363ms] [WARNING] [SpawnManager] Failed to find ground for HelicopterPlant at 107.5, 10.2 @ http://localhost:3000/src/game/systems/SpawnManager.js:492
[   11363ms] [WARNING] [SpawnManager] Failed to find ground for HelicopterPlant at 114.3, 8.8 @ http://localhost:3000/src/game/systems/SpawnManager.js:492
[   11363ms] [WARNING] [SpawnManager] Failed to find ground for HelicopterPlant at 112.8, 8.2 @ http://localhost:3000/src/game/systems/SpawnManager.js:492
[   11363ms] [WARNING] [SpawnManager] Failed to find ground for HelicopterPlant at 106.3, 4.3 @ http://localhost:3000/src/game/systems/SpawnManager.js:492
[   11363ms] [WARNING] [SpawnManager] Failed to find ground for HelicopterPlant at 108.1, 5.9 @ http://localhost:3000/src/game/systems/SpawnManager.js:492
[   11363ms] [WARNING] [SpawnManager] Failed to find ground for Elephant at -34.8, 36.8 @ http://localhost:3000/src/game/systems/SpawnManager.js:492
[   11364ms] [WARNING] [SpawnManager] Failed to find ground for Elephant at -37.1, 33.3 @ http://localhost:3000/src/game/systems/SpawnManager.js:492
[   11364ms] [WARNING] [SpawnManager] Failed to find ground for Frog at -26.1, 78.0 @ http://localhost:3000/src/game/systems/SpawnManager.js:492
[   11364ms] [WARNING] [SpawnManager] Failed to find ground for Frog at -27.8, 78.5 @ http://localhost:3000/src/game/systems/SpawnManager.js:492
[   11364ms] [WARNING] [SpawnManager] Failed to find ground for MagicalCreature at -22.7, 79.5 @ http://localhost:3000/src/game/systems/SpawnManager.js:492
[   11364ms] [WARNING] [SpawnManager] Failed to find ground for Turtle at 27.3, 125.8 @ http://localhost:3000/src/game/systems/SpawnManager.js:492
[   11364ms] [WARNING] [SpawnManager] Failed to find ground for Turtle at 35.6, 117.5 @ http://localhost:3000/src/game/systems/SpawnManager.js:492
[   11364ms] [WARNING] [SpawnManager] Failed to find ground for Giraffe at 29.2, 119.0 @ http://localhost:3000/src/game/systems/SpawnManager.js:492
[   11365ms] [WARNING] [SpawnManager] Failed to find ground for Turtle at 99.4, -16.8 @ http://localhost:3000/src/game/systems/SpawnManager.js:492
[   11365ms] [WARNING] [SpawnManager] Failed to find ground for Turtle at 104.2, -17.0 @ http://localhost:3000/src/game/systems/SpawnManager.js:492
[   11365ms] [WARNING] [SpawnManager] Failed to find ground for Kangaroo at 121.6, 30.4 @ http://localhost:3000/src/game/systems/SpawnManager.js:492
[   11365ms] [WARNING] [SpawnManager] Failed to find ground for Frog at -41.9, 22.6 @ http://localhost:3000/src/game/systems/SpawnManager.js:492
[   11365ms] [WARNING] [SpawnManager] Failed to find ground for Frog at -39.9, 25.9 @ http://localhost:3000/src/game/systems/SpawnManager.js:492
[   11366ms] [WARNING] [SpawnManager] Failed to find ground for Frog at -44.7, 28.4 @ http://localhost:3000/src/game/systems/SpawnManager.js:492
[   11366ms] [WARNING] [SpawnManager] Failed to find ground for HelicopterPlant at -42.1, 21.8 @ http://localhost:3000/src/game/systems/SpawnManager.js:492
[   11366ms] [WARNING] [SpawnManager] Failed to find ground for HelicopterPlant at -39.1, 26.6 @ http://localhost:3000/src/game/systems/SpawnManager.js:492
[   11366ms] [WARNING] [SpawnManager] Failed to find ground for HelicopterPlant at -46.3, 30.5 @ http://localhost:3000/src/game/systems/SpawnManager.js:492
[   11366ms] [WARNING] [SpawnManager] Failed to find ground for HelicopterPlant at -47.0, 23.3 @ http://localhost:3000/src/game/systems/SpawnManager.js:492
[   11367ms] [WARNING] [SpawnManager] Failed to find ground for Snake at 118.5, 29.0 @ http://localhost:3000/src/game/systems/SpawnManager.js:492
[   11367ms] [WARNING] [SpawnManager] Failed to find ground for Turtle at 68.2, -41.0 @ http://localhost:3000/src/game/systems/SpawnManager.js:492
[   11367ms] [WARNING] [SpawnManager] Failed to find ground for Mouse at 67.2, 121.5 @ http://localhost:3000/src/game/systems/SpawnManager.js:492
[   11367ms] [WARNING] [SpawnManager] Failed to find ground for Mouse at 68.2, 113.8 @ http://localhost:3000/src/game/systems/SpawnManager.js:492
[   11367ms] [WARNING] [SpawnManager] Failed to find ground for Chimera at 60.7, 119.2 @ http://localhost:3000/src/game/systems/SpawnManager.js:492
[   11367ms] [WARNING] [SpawnManager] Failed to find ground for SnapTrap at 65.1, 113.9 @ http://localhost:3000/src/game/systems/SpawnManager.js:492
[   11368ms] [WARNING] [SpawnManager] Failed to find ground for SnapTrap at 61.9, 118.0 @ http://localhost:3000/src/game/systems/SpawnManager.js:492
[   11368ms] [WARNING] [SpawnManager] Failed to find ground for SnapTrap at 64.0, 120.8 @ http://localhost:3000/src/game/systems/SpawnManager.js:492
[   11368ms] [WARNING] [SpawnManager] Failed to find ground for Snake at 127.9, 72.2 @ http://localhost:3000/src/game/systems/SpawnManager.js:492
[   11368ms] [WARNING] [SpawnManager] Failed to find ground for Snake at 126.1, 77.3 @ http://localhost:3000/src/game/systems/SpawnManager.js:492
[   11369ms] [WARNING] [SpawnManager] Failed to find ground for Pugasus at 130.6, 74.8 @ http://localhost:3000/src/game/systems/SpawnManager.js:492
[   11369ms] [WARNING] [SpawnManager] Failed to find ground for Pugasus at 122.0, 74.2 @ http://localhost:3000/src/game/systems/SpawnManager.js:492
[   11369ms] [WARNING] [SpawnManager] Failed to find ground for Frog at -33.3, 102.1 @ http://localhost:3000/src/game/systems/SpawnManager.js:492
[   11369ms] [WARNING] [SpawnManager] Failed to find ground for Frog at -30.6, 106.5 @ http://localhost:3000/src/game/systems/SpawnManager.js:492
[   11370ms] [WARNING] [SpawnManager] Failed to find ground for Frog at -32.8, 103.8 @ http://localhost:3000/src/game/systems/SpawnManager.js:492
[   11370ms] [WARNING] [SpawnManager] Failed to find ground for Frog at -30.1, 108.3 @ http://localhost:3000/src/game/systems/SpawnManager.js:492
[   11370ms] [WARNING] [SpawnManager] Failed to find ground for Tiger at -9.2, -38.9 @ http://localhost:3000/src/game/systems/SpawnManager.js:492
[   11370ms] [WARNING] [SpawnManager] Failed to find ground for Tiger at -5.7, -30.7 @ http://localhost:3000/src/game/systems/SpawnManager.js:492
[   11371ms] [WARNING] [SpawnManager] Failed to find ground for Bunny at -16.6, 110.2 @ http://localhost:3000/src/game/systems/SpawnManager.js:492
[   11371ms] [WARNING] [SpawnManager] Failed to find ground for Bunny at -17.8, 110.6 @ http://localhost:3000/src/game/systems/SpawnManager.js:492
[   11371ms] [WARNING] [SpawnManager] Failed to find ground for Bunny at -16.4, 111.0 @ http://localhost:3000/src/game/systems/SpawnManager.js:492
[   11371ms] [WARNING] [SpawnManager] Failed to find ground for Lorax at -13.6, 114.8 @ http://localhost:3000/src/game/systems/SpawnManager.js:492
[   11371ms] [WARNING] [SpawnManager] Failed to find ground for Camel at 107.0, 80.7 @ http://localhost:3000/src/game/systems/SpawnManager.js:492
[   11372ms] [WARNING] [SpawnManager] Failed to find ground for Camel at 110.4, 82.2 @ http://localhost:3000/src/game/systems/SpawnManager.js:492
[   11372ms] [WARNING] [SpawnManager] Failed to find ground for Camel at 110.5, 84.9 @ http://localhost:3000/src/game/systems/SpawnManager.js:492
[   11372ms] [WARNING] [SpawnManager] Failed to find ground for Turkey at 32.1, 138.5 @ http://localhost:3000/src/game/systems/SpawnManager.js:492
[   11372ms] [WARNING] [SpawnManager] Failed to find ground for Turkey at 31.1, 147.7 @ http://localhost:3000/src/game/systems/SpawnManager.js:492
[   11373ms] [WARNING] [SpawnManager] Failed to find ground for Turkey at 19.4, 139.8 @ http://localhost:3000/src/game/systems/SpawnManager.js:492
[   11373ms] [WARNING] [SpawnManager] Failed to find ground for Turkey at 26.8, 138.2 @ http://localhost:3000/src/game/systems/SpawnManager.js:492
[   11373ms] [WARNING] [SpawnManager] Failed to find ground for Turkey at 18.8, 141.1 @ http://localhost:3000/src/game/systems/SpawnManager.js:492
[   11373ms] [WARNING] [SpawnManager] Failed to find ground for Pumpkin at 25.7, 136.3 @ http://localhost:3000/src/game/systems/SpawnManager.js:492
[   11373ms] [WARNING] [SpawnManager] Failed to find ground for Pumpkin at 20.7, 141.6 @ http://localhost:3000/src/game/systems/SpawnManager.js:492
[   11373ms] [WARNING] [SpawnManager] Failed to find ground for Pumpkin at 20.0, 142.2 @ http://localhost:3000/src/game/systems/SpawnManager.js:492
[   11373ms] [WARNING] [SpawnManager] Failed to find ground for Pumpkin at 22.1, 143.4 @ http://localhost:3000/src/game/systems/SpawnManager.js:492
[   11380ms] [WARNING] [SpawnManager] Failed to find ground for HelicopterPlant at 2.7, 127.3 @ http://localhost:3000/src/game/systems/SpawnManager.js:492
[   11380ms] [WARNING] [SpawnManager] Failed to find ground for HelicopterPlant at 6.0, 125.6 @ http://localhost:3000/src/game/systems/SpawnManager.js:492
[   11380ms] [WARNING] [SpawnManager] Failed to find ground for HelicopterPlant at 0.3, 130.6 @ http://localhost:3000/src/game/systems/SpawnManager.js:492
[   11380ms] [WARNING] [SpawnManager] Failed to find ground for HelicopterPlant at 2.7, 127.2 @ http://localhost:3000/src/game/systems/SpawnManager.js:492
[   11380ms] [WARNING] [SpawnManager] Failed to find ground for Frog at -35.0, 101.2 @ http://localhost:3000/src/game/systems/SpawnManager.js:492
[   11380ms] [WARNING] [SpawnManager] Failed to find ground for Frog at -38.7, 105.3 @ http://localhost:3000/src/game/systems/SpawnManager.js:492
[   11380ms] [WARNING] [SpawnManager] Failed to find ground for Frog at -34.1, 102.7 @ http://localhost:3000/src/game/systems/SpawnManager.js:492
[   11380ms] [WARNING] [SpawnManager] Failed to find ground for HelicopterPlant at -37.2, 107.1 @ http://localhost:3000/src/game/systems/SpawnManager.js:492
[   11381ms] [WARNING] [SpawnManager] Failed to find ground for HelicopterPlant at -36.1, 107.6 @ http://localhost:3000/src/game/systems/SpawnManager.js:492
[   11381ms] [WARNING] [SpawnManager] Failed to find ground for HelicopterPlant at -29.6, 107.5 @ http://localhost:3000/src/game/systems/SpawnManager.js:492
[   11381ms] [WARNING] [SpawnManager] Failed to find ground for TRex at 117.4, -33.1 @ http://localhost:3000/src/game/systems/SpawnManager.js:492
[   11381ms] [WARNING] [SpawnManager] Failed to find ground for SporeCloud at 118.9, -27.8 @ http://localhost:3000/src/game/systems/SpawnManager.js:492
[   11381ms] [WARNING] [SpawnManager] Failed to find ground for SporeCloud at 121.7, -31.5 @ http://localhost:3000/src/game/systems/SpawnManager.js:492
[   11381ms] [WARNING] [SpawnManager] Failed to find ground for SporeCloud at 117.2, -35.7 @ http://localhost:3000/src/game/systems/SpawnManager.js:492
[   11381ms] [WARNING] [SpawnManager] Failed to find ground for SporeCloud at 118.3, -35.3 @ http://localhost:3000/src/game/systems/SpawnManager.js:492
[   11381ms] [WARNING] [SpawnManager] Failed to find ground for Kangaroo at 115.2, 97.4 @ http://localhost:3000/src/game/systems/SpawnManager.js:492
[   11382ms] [WARNING] [SpawnManager] Failed to find ground for Kangaroo at 113.4, 99.9 @ http://localhost:3000/src/game/systems/SpawnManager.js:492
[   11382ms] [WARNING] [SpawnManager] Failed to find ground for Turtle at -62.8, 86.3 @ http://localhost:3000/src/game/systems/SpawnManager.js:492
[   11385ms] [WARNING] [SpawnManager] Failed to find ground for HelicopterPlant at 87.9, 132.8 @ http://localhost:3000/src/game/systems/SpawnManager.js:492
[   11385ms] [WARNING] [SpawnManager] Failed to find ground for HelicopterPlant at 80.3, 133.8 @ http://localhost:3000/src/game/systems/SpawnManager.js:492
[   11385ms] [WARNING] [SpawnManager] Failed to find ground for HelicopterPlant at 81.7, 137.4 @ http://localhost:3000/src/game/systems/SpawnManager.js:492
[   11385ms] [WARNING] [SpawnManager] Failed to find ground for HelicopterPlant at 85.5, 133.5 @ http://localhost:3000/src/game/systems/SpawnManager.js:492
[   11386ms] [WARNING] [SpawnManager] Failed to find ground for HelicopterPlant at 83.0, 138.9 @ http://localhost:3000/src/game/systems/SpawnManager.js:492
[   11386ms] [WARNING] [SpawnManager] Failed to find ground for Duck at 140.5, 0.4 @ http://localhost:3000/src/game/systems/SpawnManager.js:492
[   11386ms] [WARNING] [SpawnManager] Failed to find ground for Duck at 139.8, -7.0 @ http://localhost:3000/src/game/systems/SpawnManager.js:492
[   11386ms] [WARNING] [SpawnManager] Failed to find ground for Snake at 142.7, 106.1 @ http://localhost:3000/src/game/systems/SpawnManager.js:492
[   11386ms] [WARNING] [SpawnManager] Failed to find ground for Snake at 137.8, 107.7 @ http://localhost:3000/src/game/systems/SpawnManager.js:492
[   11386ms] [WARNING] [SpawnManager] Failed to find ground for Dragon at 143.1, 104.4 @ http://localhost:3000/src/game/systems/SpawnManager.js:492
[   11386ms] [WARNING] [SpawnManager] Failed to find ground for DuneWorm at 139.3, 106.1 @ http://localhost:3000/src/game/systems/SpawnManager.js:492
[   11387ms] [WARNING] [SpawnManager] Failed to find ground for HummingBlossom at 132.0, 122.6 @ http://localhost:3000/src/game/systems/SpawnManager.js:492
[   11388ms] [WARNING] [SpawnManager] Failed to find ground for HummingBlossom at 126.3, 122.1 @ http://localhost:3000/src/game/systems/SpawnManager.js:492
[   11388ms] [WARNING] [SpawnManager] Failed to find ground for HummingBlossom at 131.6, 127.3 @ http://localhost:3000/src/game/systems/SpawnManager.js:492
[   11388ms] [WARNING] [SpawnManager] Failed to find ground for HummingBlossom at 125.3, 128.7 @ http://localhost:3000/src/game/systems/SpawnManager.js:492
[   12335ms] [WARNING] [Game] Frame took 2157.6ms, capping dt to 50ms @ http://localhost:3000/src/game/VoxelGame.jsx:1767
[   15278ms] [WARNING] [Game] Frame took 2942.6ms, capping dt to 50ms @ http://localhost:3000/src/game/VoxelGame.jsx:1767
[   16236ms] [WARNING] [Game] Frame took 903.5ms, capping dt to 50ms @ http://localhost:3000/src/game/VoxelGame.jsx:1767
[   16715ms] [WARNING] [Game] Frame took 470.5ms, capping dt to 50ms @ http://localhost:3000/src/game/VoxelGame.jsx:1767
[   16742ms] [ERROR] EncodingError: Unable to decode audio data @ http://localhost:3000/node_modules/.vite/deps/chunk-UZOV2HZI.js?v=45487b74:26934
[   16985ms] [WARNING] [Game] Frame took 253.0ms, capping dt to 50ms @ http://localhost:3000/src/game/VoxelGame.jsx:1767
[   17249ms] [WARNING] [Game] Frame took 263.2ms, capping dt to 50ms @ http://localhost:3000/src/game/VoxelGame.jsx:1767
[   17367ms] [WARNING] [Game] Frame took 118.6ms, capping dt to 50ms @ http://localhost:3000/src/game/VoxelGame.jsx:1767
[   17483ms] [WARNING] [Game] Frame took 115.7ms, capping dt to 50ms @ http://localhost:3000/src/game/VoxelGame.jsx:1767
[   17638ms] [WARNING] [Game] Frame took 155.5ms, capping dt to 50ms @ http://localhost:3000/src/game/VoxelGame.jsx:1767
[   17794ms] [WARNING] [Game] Frame took 156.0ms, capping dt to 50ms @ http://localhost:3000/src/game/VoxelGame.jsx:1767
[   17926ms] [WARNING] [Game] Frame took 131.8ms, capping dt to 50ms @ http://localhost:3000/src/game/VoxelGame.jsx:1767
[   18037ms] [WARNING] [Game] Frame took 111.4ms, capping dt to 50ms @ http://localhost:3000/src/game/VoxelGame.jsx:1767
[   18148ms] [WARNING] [Game] Frame took 111.0ms, capping dt to 50ms @ http://localhost:3000/src/game/VoxelGame.jsx:1767
[   18263ms] [WARNING] [Game] Frame took 115.2ms, capping dt to 50ms @ http://localhost:3000/src/game/VoxelGame.jsx:1767
[   18389ms] [WARNING] [Game] Frame took 125.7ms, capping dt to 50ms @ http://localhost:3000/src/game/VoxelGame.jsx:1767
[   18511ms] [WARNING] [Game] Frame took 121.8ms, capping dt to 50ms @ http://localhost:3000/src/game/VoxelGame.jsx:1767
[   18623ms] [WARNING] [Game] Frame took 112.2ms, capping dt to 50ms @ http://localhost:3000/src/game/VoxelGame.jsx:1767
[   18743ms] [WARNING] [Game] Frame took 119.8ms, capping dt to 50ms @ http://localhost:3000/src/game/VoxelGame.jsx:1767
[   18870ms] [WARNING] [Game] Frame took 127.3ms, capping dt to 50ms @ http://localhost:3000/src/game/VoxelGame.jsx:1767
[   18993ms] [WARNING] [Game] Frame took 122.4ms, capping dt to 50ms @ http://localhost:3000/src/game/VoxelGame.jsx:1767
[   19108ms] [WARNING] [Game] Frame took 115.8ms, capping dt to 50ms @ http://localhost:3000/src/game/VoxelGame.jsx:1767
[   19222ms] [WARNING] [Game] Frame took 113.4ms, capping dt to 50ms @ http://localhost:3000/src/game/VoxelGame.jsx:1767
[   19355ms] [WARNING] [Game] Frame took 133.5ms, capping dt to 50ms @ http://localhost:3000/src/game/VoxelGame.jsx:1767
[   19494ms] [WARNING] [Game] Frame took 138.9ms, capping dt to 50ms @ http://localhost:3000/src/game/VoxelGame.jsx:1767
[   19638ms] [WARNING] [Game] Frame took 143.7ms, capping dt to 50ms @ http://localhost:3000/src/game/VoxelGame.jsx:1767
[   19779ms] [WARNING] [Game] Frame took 141.0ms, capping dt to 50ms @ http://localhost:3000/src/game/VoxelGame.jsx:1767
[   19919ms] [WARNING] [Game] Frame took 140.0ms, capping dt to 50ms @ http://localhost:3000/src/game/VoxelGame.jsx:1767
[   20131ms] [WARNING] [Game] Frame took 211.7ms, capping dt to 50ms @ http://localhost:3000/src/game/VoxelGame.jsx:1767
[   20279ms] [WARNING] [Game] Frame took 148.0ms, capping dt to 50ms @ http://localhost:3000/src/game/VoxelGame.jsx:1767
[   20428ms] [WARNING] [Game] Frame took 149.2ms, capping dt to 50ms @ http://localhost:3000/src/game/VoxelGame.jsx:1767
[   20581ms] [WARNING] [Game] Frame took 153.4ms, capping dt to 50ms @ http://localhost:3000/src/game/VoxelGame.jsx:1767
[   20732ms] [WARNING] [Game] Frame took 151.3ms, capping dt to 50ms @ http://localhost:3000/src/game/VoxelGame.jsx:1767
[   20882ms] [WARNING] [Game] Frame took 150.0ms, capping dt to 50ms @ http://localhost:3000/src/game/VoxelGame.jsx:1767
[   21044ms] [WARNING] [Game] Frame took 161.5ms, capping dt to 50ms @ http://localhost:3000/src/game/VoxelGame.jsx:1767
[   21208ms] [WARNING] [Game] Frame took 164.5ms, capping dt to 50ms @ http://localhost:3000/src/game/VoxelGame.jsx:1767
[   21371ms] [WARNING] [Game] Frame took 162.9ms, capping dt to 50ms @ http://localhost:3000/src/game/VoxelGame.jsx:1767
[   21537ms] [WARNING] [Game] Frame took 165.4ms, capping dt to 50ms @ http://localhost:3000/src/game/VoxelGame.jsx:1767
[   21703ms] [WARNING] [Game] Frame took 166.1ms, capping dt to 50ms @ http://localhost:3000/src/game/VoxelGame.jsx:1767
[   21874ms] [WARNING] [Game] Frame took 171.2ms, capping dt to 50ms @ http://localhost:3000/src/game/VoxelGame.jsx:1767
[   22046ms] [WARNING] [Game] Frame took 172.3ms, capping dt to 50ms @ http://localhost:3000/src/game/VoxelGame.jsx:1767
[   22212ms] [WARNING] [Game] Frame took 165.7ms, capping dt to 50ms @ http://localhost:3000/src/game/VoxelGame.jsx:1767
[   22381ms] [WARNING] [Game] Frame took 169.3ms, capping dt to 50ms @ http://localhost:3000/src/game/VoxelGame.jsx:1767
[   22542ms] [WARNING] [Game] Frame took 161.1ms, capping dt to 50ms @ http://localhost:3000/src/game/VoxelGame.jsx:1767
[   22708ms] [WARNING] [Game] Frame took 165.5ms, capping dt to 50ms @ http://localhost:3000/src/game/VoxelGame.jsx:1767
[   22873ms] [WARNING] [Game] Frame took 164.6ms, capping dt to 50ms @ http://localhost:3000/src/game/VoxelGame.jsx:1767
[   23039ms] [WARNING] [Game] Frame took 166.3ms, capping dt to 50ms @ http://localhost:3000/src/game/VoxelGame.jsx:1767
[   23221ms] [WARNING] [Game] Frame took 182.1ms, capping dt to 50ms @ http://localhost:3000/src/game/VoxelGame.jsx:1767
[   23404ms] [WARNING] [Game] Frame took 182.9ms, capping dt to 50ms @ http://localhost:3000/src/game/VoxelGame.jsx:1767
[   23587ms] [WARNING] [Game] Frame took 183.4ms, capping dt to 50ms @ http://localhost:3000/src/game/VoxelGame.jsx:1767
[   23769ms] [WARNING] [Game] Frame took 181.7ms, capping dt to 50ms @ http://localhost:3000/src/game/VoxelGame.jsx:1767
[   23946ms] [WARNING] [Game] Frame took 177.1ms, capping dt to 50ms @ http://localhost:3000/src/game/VoxelGame.jsx:1767
[   24147ms] [WARNING] [Game] Frame took 201.0ms, capping dt to 50ms @ http://localhost:3000/src/game/VoxelGame.jsx:1767
[   24353ms] [WARNING] [Game] Frame took 205.8ms, capping dt to 50ms @ http://localhost:3000/src/game/VoxelGame.jsx:1767
[   24606ms] [WARNING] Failed to load sound: pig_oink at /sounds/pig_oink.mp3 EncodingError: Unable to decode audio data @ http://localhost:3000/src/game/systems/SoundManager.js:74
[   24607ms] [WARNING] Failed to load sound: cow_moo at /sounds/cow_moo.mp3 EncodingError: Unable to decode audio data @ http://localhost:3000/src/game/systems/SoundManager.js:74
[   24607ms] [WARNING] Failed to load sound: footstep_stone at /sounds/footstep_stone.mp3 EncodingError: Unable to decode audio data @ http://localhost:3000/src/game/systems/SoundManager.js:74
[   24607ms] [WARNING] Failed to load sound: block_break at /sounds/block_break.mp3 EncodingError: Unable to decode audio data @ http://localhost:3000/src/game/systems/SoundManager.js:74
[   24607ms] [WARNING] Failed to load sound: footstep_grass at /sounds/footstep_grass.mp3 EncodingError: Unable to decode audio data @ http://localhost:3000/src/game/systems/SoundManager.js:74
[   24608ms] [WARNING] Failed to load sound: click at /sounds/click.mp3 EncodingError: Unable to decode audio data @ http://localhost:3000/src/game/systems/SoundManager.js:74
[   24608ms] [WARNING] Failed to load sound: block_place at /sounds/block_place.mp3 EncodingError: Unable to decode audio data @ http://localhost:3000/src/game/systems/SoundManager.js:74
[   24608ms] [WARNING] Failed to load sound: jump at /sounds/jump.mp3 EncodingError: Unable to decode audio data @ http://localhost:3000/src/game/systems/SoundManager.js:74
[   24608ms] [WARNING] Failed to load sound: item_pickup at /sounds/item_pickup.mp3 EncodingError: Unable to decode audio data @ http://localhost:3000/src/game/systems/SoundManager.js:74
[   24608ms] [WARNING] Failed to load sound: teleport at /sounds/teleport.mp3 EncodingError: Unable to decode audio data @ http://localhost:3000/src/game/systems/SoundManager.js:74
[   24609ms] [WARNING] Failed to load sound: damage at /sounds/damage.mp3 EncodingError: Unable to decode audio data @ http://localhost:3000/src/game/systems/SoundManager.js:74
[   24611ms] [WARNING] Failed to load sound: rumble at /sounds/rumble.mp3 EncodingError: Unable to decode audio data @ http://localhost:3000/src/game/systems/SoundManager.js:74
[   24614ms] [WARNING] Failed to load sound: splash at /sounds/splash.mp3 EncodingError: Unable to decode audio data @ http://localhost:3000/src/game/systems/SoundManager.js:74
[   24618ms] [WARNING] Failed to load sound: levelup at /sounds/levelup.mp3 EncodingError: Unable to decode audio data @ http://localhost:3000/src/game/systems/SoundManager.js:74
[   24812ms] [WARNING] [Game] Frame took 459.3ms, capping dt to 50ms @ http://localhost:3000/src/game/VoxelGame.jsx:1767
[   25026ms] [WARNING] [Game] Frame took 205.5ms, capping dt to 50ms @ http://localhost:3000/src/game/VoxelGame.jsx:1767
[   25290ms] [WARNING] [Game] Frame took 264.8ms, capping dt to 50ms @ http://localhost:3000/src/game/VoxelGame.jsx:1767
[   25532ms] [WARNING] [Game] Frame took 242.0ms, capping dt to 50ms @ http://localhost:3000/src/game/VoxelGame.jsx:1767
[   25788ms] [WARNING] [Game] Frame took 255.8ms, capping dt to 50ms @ http://localhost:3000/src/game/VoxelGame.jsx:1767
[   26013ms] [WARNING] [Game] Frame took 224.6ms, capping dt to 50ms @ http://localhost:3000/src/game/VoxelGame.jsx:1767
[   26239ms] [WARNING] [Game] Frame took 226.5ms, capping dt to 50ms @ http://localhost:3000/src/game/VoxelGame.jsx:1767
[   26458ms] [WARNING] [Game] Frame took 218.7ms, capping dt to 50ms @ http://localhost:3000/src/game/VoxelGame.jsx:1767
[   26878ms] [WARNING] [Game] Frame took 419.8ms, capping dt to 50ms @ http://localhost:3000/src/game/VoxelGame.jsx:1767
[   27097ms] [WARNING] [Game] Frame took 215.3ms, capping dt to 50ms @ http://localhost:3000/src/game/VoxelGame.jsx:1767
[   27377ms] [WARNING] [Game] Frame took 279.1ms, capping dt to 50ms @ http://localhost:3000/src/game/VoxelGame.jsx:1767
[   27596ms] [WARNING] [Game] Frame took 220.0ms, capping dt to 50ms @ http://localhost:3000/src/game/VoxelGame.jsx:1767
[   27812ms] [WARNING] [Game] Frame took 215.7ms, capping dt to 50ms @ http://localhost:3000/src/game/VoxelGame.jsx:1767
[   28041ms] [WARNING] [Game] Frame took 229.1ms, capping dt to 50ms @ http://localhost:3000/src/game/VoxelGame.jsx:1767
[   28267ms] [WARNING] [Game] Frame took 225.4ms, capping dt to 50ms @ http://localhost:3000/src/game/VoxelGame.jsx:1767
[   28498ms] [WARNING] [Game] Frame took 230.9ms, capping dt to 50ms @ http://localhost:3000/src/game/VoxelGame.jsx:1767
[   28733ms] [WARNING] [Game] Frame took 235.3ms, capping dt to 50ms @ http://localhost:3000/src/game/VoxelGame.jsx:1767
[   28972ms] [WARNING] [Game] Frame took 239.0ms, capping dt to 50ms @ http://localhost:3000/src/game/VoxelGame.jsx:1767
[   29181ms] [WARNING] [Game] Frame took 209.0ms, capping dt to 50ms @ http://localhost:3000/src/game/VoxelGame.jsx:1767
[   29414ms] [WARNING] [Game] Frame took 232.6ms, capping dt to 50ms @ http://localhost:3000/src/game/VoxelGame.jsx:1767
[   29637ms] [WARNING] [Game] Frame took 223.1ms, capping dt to 50ms @ http://localhost:3000/src/game/VoxelGame.jsx:1767
[   29856ms] [WARNING] [Game] Frame took 219.6ms, capping dt to 50ms @ http://localhost:3000/src/game/VoxelGame.jsx:1767
[   30074ms] [WARNING] [Game] Frame took 217.4ms, capping dt to 50ms @ http://localhost:3000/src/game/VoxelGame.jsx:1767
[   30295ms] [WARNING] [Game] Frame took 220.9ms, capping dt to 50ms @ http://localhost:3000/src/game/VoxelGame.jsx:1767
[   30549ms] [WARNING] [Game] Frame took 254.1ms, capping dt to 50ms @ http://localhost:3000/src/game/VoxelGame.jsx:1767
[   30774ms] [WARNING] [Game] Frame took 224.8ms, capping dt to 50ms @ http://localhost:3000/src/game/VoxelGame.jsx:1767
[   30997ms] [WARNING] [Game] Frame took 224.0ms, capping dt to 50ms @ http://localhost:3000/src/game/VoxelGame.jsx:1767
[   31255ms] [WARNING] [Game] Frame took 257.1ms, capping dt to 50ms @ http://localhost:3000/src/game/VoxelGame.jsx:1767
[   31507ms] [WARNING] [Game] Frame took 251.9ms, capping dt to 50ms @ http://localhost:3000/src/game/VoxelGame.jsx:1767
[   31755ms] [WARNING] [Game] Frame took 248.7ms, capping dt to 50ms @ http://localhost:3000/src/game/VoxelGame.jsx:1767
[   32007ms] [WARNING] [Game] Frame took 251.5ms, capping dt to 50ms @ http://localhost:3000/src/game/VoxelGame.jsx:1767
[   32264ms] [WARNING] [Game] Frame took 257.1ms, capping dt to 50ms @ http://localhost:3000/src/game/VoxelGame.jsx:1767
[   32526ms] [WARNING] [Game] Frame took 262.0ms, capping dt to 50ms @ http://localhost:3000/src/game/VoxelGame.jsx:1767
[   32762ms] [WARNING] [Game] Frame took 236.6ms, capping dt to 50ms @ http://localhost:3000/src/game/VoxelGame.jsx:1767
[   33013ms] [WARNING] [Game] Frame took 250.4ms, capping dt to 50ms @ http://localhost:3000/src/game/VoxelGame.jsx:1767
[   33251ms] [WARNING] [Game] Frame took 238.4ms, capping dt to 50ms @ http://localhost:3000/src/game/VoxelGame.jsx:1767
[   33524ms] [WARNING] [Game] Frame took 272.8ms, capping dt to 50ms @ http://localhost:3000/src/game/VoxelGame.jsx:1767
[   33768ms] [WARNING] [Game] Frame took 243.7ms, capping dt to 50ms @ http://localhost:3000/src/game/VoxelGame.jsx:1767
[   34008ms] [WARNING] [Game] Frame took 240.7ms, capping dt to 50ms @ http://localhost:3000/src/game/VoxelGame.jsx:1767
[   34251ms] [WARNING] [Game] Frame took 242.7ms, capping dt to 50ms @ http://localhost:3000/src/game/VoxelGame.jsx:1767
[   34489ms] [WARNING] [Game] Frame took 238.1ms, capping dt to 50ms @ http://localhost:3000/src/game/VoxelGame.jsx:1767
[   34724ms] [WARNING] [Game] Frame took 234.5ms, capping dt to 50ms @ http://localhost:3000/src/game/VoxelGame.jsx:1767
[   34961ms] [WARNING] [Game] Frame took 237.1ms, capping dt to 50ms @ http://localhost:3000/src/game/VoxelGame.jsx:1767
[   35193ms] [WARNING] [Game] Frame took 232.8ms, capping dt to 50ms @ http://localhost:3000/src/game/VoxelGame.jsx:1767
[   35434ms] [WARNING] [Game] Frame took 240.5ms, capping dt to 50ms @ http://localhost:3000/src/game/VoxelGame.jsx:1767
[   35674ms] [WARNING] [Game] Frame took 240.4ms, capping dt to 50ms @ http://localhost:3000/src/game/VoxelGame.jsx:1767
[   35921ms] [WARNING] [Game] Frame took 247.0ms, capping dt to 50ms @ http://localhost:3000/src/game/VoxelGame.jsx:1767
[   36159ms] [WARNING] [Game] Frame took 237.6ms, capping dt to 50ms @ http://localhost:3000/src/game/VoxelGame.jsx:1767
[   36415ms] [WARNING] [Game] Frame took 255.7ms, capping dt to 50ms @ http://localhost:3000/src/game/VoxelGame.jsx:1767
[   36680ms] [WARNING] [Game] Frame took 265.0ms, capping dt to 50ms @ http://localhost:3000/src/game/VoxelGame.jsx:1767
[   36952ms] [WARNING] [Game] Frame took 271.8ms, capping dt to 50ms @ http://localhost:3000/src/game/VoxelGame.jsx:1767
[   37211ms] [WARNING] [Game] Frame took 259.0ms, capping dt to 50ms @ http://localhost:3000/src/game/VoxelGame.jsx:1767
[   37441ms] [WARNING] [Game] Frame took 230.9ms, capping dt to 50ms @ http://localhost:3000/src/game/VoxelGame.jsx:1767
[   37706ms] [WARNING] [Game] Frame took 264.3ms, capping dt to 50ms @ http://localhost:3000/src/game/VoxelGame.jsx:1767
[   37947ms] [WARNING] [Game] Frame took 241.3ms, capping dt to 50ms @ http://localhost:3000/src/game/VoxelGame.jsx:1767
[   38197ms] [WARNING] [Game] Frame took 249.8ms, capping dt to 50ms @ http://localhost:3000/src/game/VoxelGame.jsx:1767
[   38451ms] [WARNING] [Game] Frame took 254.4ms, capping dt to 50ms @ http://localhost:3000/src/game/VoxelGame.jsx:1767
[   38693ms] [WARNING] [Game] Frame took 242.0ms, capping dt to 50ms @ http://localhost:3000/src/game/VoxelGame.jsx:1767
[   38939ms] [WARNING] [Game] Frame took 245.9ms, capping dt to 50ms @ http://localhost:3000/src/game/VoxelGame.jsx:1767
[   39187ms] [WARNING] [Game] Frame took 247.8ms, capping dt to 50ms @ http://localhost:3000/src/game/VoxelGame.jsx:1767
[   39435ms] [WARNING] [Game] Frame took 247.9ms, capping dt to 50ms @ http://localhost:3000/src/game/VoxelGame.jsx:1767
[   39700ms] [WARNING] [Game] Frame took 265.5ms, capping dt to 50ms @ http://localhost:3000/src/game/VoxelGame.jsx:1767
[   39962ms] [WARNING] [Game] Frame took 261.7ms, capping dt to 50ms @ http://localhost:3000/src/game/VoxelGame.jsx:1767
[   40218ms] [WARNING] [Game] Frame took 256.2ms, capping dt to 50ms @ http://localhost:3000/src/game/VoxelGame.jsx:1767
[   40495ms] [WARNING] [Game] Frame took 276.4ms, capping dt to 50ms @ http://localhost:3000/src/game/VoxelGame.jsx:1767
[   40745ms] [WARNING] [Game] Frame took 250.8ms, capping dt to 50ms @ http://localhost:3000/src/game/VoxelGame.jsx:1767
[   41011ms] [WARNING] [Game] Frame took 265.6ms, capping dt to 50ms @ http://localhost:3000/src/game/VoxelGame.jsx:1767
[   41260ms] [WARNING] [Game] Frame took 249.4ms, capping dt to 50ms @ http://localhost:3000/src/game/VoxelGame.jsx:1767
[   41507ms] [WARNING] [Game] Frame took 246.7ms, capping dt to 50ms @ http://localhost:3000/src/game/VoxelGame.jsx:1767
[   41763ms] [WARNING] [Game] Frame took 256.3ms, capping dt to 50ms @ http://localhost:3000/src/game/VoxelGame.jsx:1767
[   42016ms] [WARNING] [Game] Frame took 253.0ms, capping dt to 50ms @ http://localhost:3000/src/game/VoxelGame.jsx:1767
[   42271ms] [WARNING] [Game] Frame took 254.5ms, capping dt to 50ms @ http://localhost:3000/src/game/VoxelGame.jsx:1767
[   42524ms] [WARNING] [Game] Frame took 253.6ms, capping dt to 50ms @ http://localhost:3000/src/game/VoxelGame.jsx:1767
[   42785ms] [WARNING] [Game] Frame took 260.1ms, capping dt to 50ms @ http://localhost:3000/src/game/VoxelGame.jsx:1767
[   43054ms] [WARNING] [Game] Frame took 269.4ms, capping dt to 50ms @ http://localhost:3000/src/game/VoxelGame.jsx:1767
[   43315ms] [WARNING] [Game] Frame took 261.1ms, capping dt to 50ms @ http://localhost:3000/src/game/VoxelGame.jsx:1767
[   43581ms] [WARNING] [Game] Frame took 266.0ms, capping dt to 50ms @ http://localhost:3000/src/game/VoxelGame.jsx:1767
[   43842ms] [WARNING] [Game] Frame took 261.4ms, capping dt to 50ms @ http://localhost:3000/src/game/VoxelGame.jsx:1767
[   44105ms] [WARNING] [Game] Frame took 262.3ms, capping dt to 50ms @ http://localhost:3000/src/game/VoxelGame.jsx:1767
[   44372ms] [WARNING] [Game] Frame took 267.2ms, capping dt to 50ms @ http://localhost:3000/src/game/VoxelGame.jsx:1767
[   44910ms] [WARNING] [Game] Frame took 537.9ms, capping dt to 50ms @ http://localhost:3000/src/game/VoxelGame.jsx:1767
[   45568ms] [WARNING] [Game] Frame took 657.7ms, capping dt to 50ms @ http://localhost:3000/src/game/VoxelGame.jsx:1767
[   46558ms] [WARNING] [Game] Frame took 977.0ms, capping dt to 50ms @ http://localhost:3000/src/game/VoxelGame.jsx:1767
[   46800ms] [WARNING] [Game] Frame took 231.0ms, capping dt to 50ms @ http://localhost:3000/src/game/VoxelGame.jsx:1767
[   47127ms] [WARNING] [Game] Frame took 326.6ms, capping dt to 50ms @ http://localhost:3000/src/game/VoxelGame.jsx:1767
[   47374ms] [WARNING] [Game] Frame took 247.0ms, capping dt to 50ms @ http://localhost:3000/src/game/VoxelGame.jsx:1767
[   47634ms] [WARNING] [Game] Frame took 259.9ms, capping dt to 50ms @ http://localhost:3000/src/game/VoxelGame.jsx:1767
[   47888ms] [WARNING] [Game] Frame took 254.9ms, capping dt to 50ms @ http://localhost:3000/src/game/VoxelGame.jsx:1767
[   48135ms] [WARNING] [Game] Frame took 246.6ms, capping dt to 50ms @ http://localhost:3000/src/game/VoxelGame.jsx:1767
