[     747ms] [WARNING] TextureGenerator: Unknown texture type 'torch', using fallback @ http://localhost:3000/src/textures/TextureGenerator.js:2156
[     749ms] [WARNING] TextureGenerator: Unknown texture type 'glowstone', using fallback @ http://localhost:3000/src/textures/TextureGenerator.js:2156
[     753ms] [WARNING] Socket not found for CommunityUI, will retry when UI opens @ http://localhost:3000/src/game/ui/CommunityUI.js:686
[    1206ms] [WARNING] [Game] Frame took 403.9ms, capping dt to 50ms @ http://localhost:3000/src/game/VoxelGame.jsx:1780
[    1484ms] [WARNING] [Game] Frame took 278.6ms, capping dt to 50ms @ http://localhost:3000/src/game/VoxelGame.jsx:1780
[    2271ms] [WARNING] [SpawnManager] Failed to find ground for Kangaroo at 16.5, 22.6 @ http://localhost:3000/src/game/systems/SpawnManager.js:492
[    2271ms] [WARNING] [SpawnManager] Failed to find ground for Elephant at 31.7, 22.0 @ http://localhost:3000/src/game/systems/SpawnManager.js:492
[    2271ms] [WARNING] [SpawnManager] Failed to find ground for Lorax at 31.5, 18.4 @ http://localhost:3000/src/game/systems/SpawnManager.js:492
[    2272ms] [WARNING] [SpawnManager] Failed to find ground for WienerDog at 29.4, 18.7 @ http://localhost:3000/src/game/systems/SpawnManager.js:492
[    2275ms] [WARNING] [SpawnManager] Failed to find ground for Frog at 50.1, 55.0 @ http://localhost:3000/src/game/systems/SpawnManager.js:492
[    2275ms] [WARNING] [SpawnManager] Failed to find ground for Frog at 55.3, 54.0 @ http://localhost:3000/src/game/systems/SpawnManager.js:492
[    2275ms] [WARNING] [SpawnManager] Failed to find ground for Giraffe at 49.7, 60.9 @ http://localhost:3000/src/game/systems/SpawnManager.js:492
[    2275ms] [WARNING] [SpawnManager] Failed to find ground for MagicalCreature at 53.5, 64.0 @ http://localhost:3000/src/game/systems/SpawnManager.js:492
[    2275ms] [WARNING] [SpawnManager] Failed to find ground for HelicopterPlant at 49.5, 57.2 @ http://localhost:3000/src/game/systems/SpawnManager.js:492
[    2275ms] [WARNING] [SpawnManager] Failed to find ground for HelicopterPlant at 55.3, 61.0 @ http://localhost:3000/src/game/systems/SpawnManager.js:492
[    2275ms] [WARNING] [SpawnManager] Failed to find ground for HelicopterPlant at 53.1, 56.0 @ http://localhost:3000/src/game/systems/SpawnManager.js:492
[    2275ms] [WARNING] [SpawnManager] Failed to find ground for HelicopterPlant at 58.1, 58.8 @ http://localhost:3000/src/game/systems/SpawnManager.js:492
[    2276ms] [WARNING] [SpawnManager] Failed to find ground for Tiger at 21.0, 69.5 @ http://localhost:3000/src/game/systems/SpawnManager.js:492
[    2276ms] [WARNING] [SpawnManager] Failed to find ground for Tiger at 23.3, 64.4 @ http://localhost:3000/src/game/systems/SpawnManager.js:492
[    2276ms] [WARNING] [SpawnManager] Failed to find ground for MagicalCreature at 25.4, 71.0 @ http://localhost:3000/src/game/systems/SpawnManager.js:492
[    2276ms] [WARNING] [SpawnManager] Failed to find ground for ShyPlant at 22.3, 68.1 @ http://localhost:3000/src/game/systems/SpawnManager.js:492
[    2276ms] [WARNING] [SpawnManager] Failed to find ground for ShyPlant at 21.0, 71.6 @ http://localhost:3000/src/game/systems/SpawnManager.js:492
[    2276ms] [WARNING] [SpawnManager] Failed to find ground for ShyPlant at 29.0, 72.7 @ http://localhost:3000/src/game/systems/SpawnManager.js:492
[    2276ms] [WARNING] [SpawnManager] Failed to find ground for ShyPlant at 28.7, 71.5 @ http://localhost:3000/src/game/systems/SpawnManager.js:492
[    2276ms] [WARNING] [SpawnManager] Failed to find ground for ShyPlant at 21.6, 65.0 @ http://localhost:3000/src/game/systems/SpawnManager.js:492
[    2276ms] [WARNING] [SpawnManager] Failed to find ground for ShyPlant at 21.2, 66.5 @ http://localhost:3000/src/game/systems/SpawnManager.js:492
[    2276ms] [WARNING] [SpawnManager] Failed to find ground for ShyPlant at 22.6, 68.5 @ http://localhost:3000/src/game/systems/SpawnManager.js:492
[    2276ms] [WARNING] [SpawnManager] Failed to find ground for ShyPlant at 29.5, 72.2 @ http://localhost:3000/src/game/systems/SpawnManager.js:492
[    2280ms] [WARNING] [SpawnManager] Failed to find ground for Giraffe at 53.4, 79.3 @ http://localhost:3000/src/game/systems/SpawnManager.js:492
[    2280ms] [WARNING] [SpawnManager] Failed to find ground for Giraffe at 53.5, 79.2 @ http://localhost:3000/src/game/systems/SpawnManager.js:492
[    2282ms] [WARNING] [SpawnManager] Failed to find ground for Frog at 36.0, 80.1 @ http://localhost:3000/src/game/systems/SpawnManager.js:492
[    2282ms] [WARNING] [SpawnManager] Failed to find ground for Frog at 33.2, 81.7 @ http://localhost:3000/src/game/systems/SpawnManager.js:492
[    2282ms] [WARNING] [SpawnManager] Failed to find ground for Giraffe at 35.1, 85.0 @ http://localhost:3000/src/game/systems/SpawnManager.js:492
[    2282ms] [WARNING] [SpawnManager] Failed to find ground for Giraffe at 37.5, 86.2 @ http://localhost:3000/src/game/systems/SpawnManager.js:492
[    2282ms] [WARNING] [SpawnManager] Failed to find ground for HelicopterPlant at 85.5, 48.8 @ http://localhost:3000/src/game/systems/SpawnManager.js:492
[    2282ms] [WARNING] [SpawnManager] Failed to find ground for HelicopterPlant at 80.3, 46.4 @ http://localhost:3000/src/game/systems/SpawnManager.js:492
[    2282ms] [WARNING] [SpawnManager] Failed to find ground for HelicopterPlant at 85.1, 41.3 @ http://localhost:3000/src/game/systems/SpawnManager.js:492
[    2282ms] [WARNING] [SpawnManager] Failed to find ground for HelicopterPlant at 87.2, 44.7 @ http://localhost:3000/src/game/systems/SpawnManager.js:492
[    2282ms] [WARNING] [SpawnManager] Failed to find ground for HelicopterPlant at 86.5, 43.4 @ http://localhost:3000/src/game/systems/SpawnManager.js:492
[    2282ms] [WARNING] [SpawnManager] Failed to find ground for Frog at -4.9, 54.1 @ http://localhost:3000/src/game/systems/SpawnManager.js:492
[    2283ms] [WARNING] [SpawnManager] Failed to find ground for Frog at -7.7, 51.6 @ http://localhost:3000/src/game/systems/SpawnManager.js:492
[    2283ms] [WARNING] [SpawnManager] Failed to find ground for Frog at -6.0, 51.6 @ http://localhost:3000/src/game/systems/SpawnManager.js:492
[    2283ms] [WARNING] [SpawnManager] Failed to find ground for Elephant at 26.1, 91.6 @ http://localhost:3000/src/game/systems/SpawnManager.js:492
[    2283ms] [WARNING] [SpawnManager] Failed to find ground for Elephant at 26.4, 91.4 @ http://localhost:3000/src/game/systems/SpawnManager.js:492
[    2283ms] [WARNING] [SpawnManager] Failed to find ground for BouncePod at 28.3, 86.7 @ http://localhost:3000/src/game/systems/SpawnManager.js:492
[    2283ms] [WARNING] [SpawnManager] Failed to find ground for BouncePod at 26.7, 83.6 @ http://localhost:3000/src/game/systems/SpawnManager.js:492
[    2289ms] [WARNING] [SpawnManager] Failed to find ground for HummingBlossom at 4.6, 84.7 @ http://localhost:3000/src/game/systems/SpawnManager.js:492
[    2289ms] [WARNING] [SpawnManager] Failed to find ground for HummingBlossom at 6.5, 78.2 @ http://localhost:3000/src/game/systems/SpawnManager.js:492
[    2289ms] [WARNING] [SpawnManager] Failed to find ground for Frog at 72.7, 86.2 @ http://localhost:3000/src/game/systems/SpawnManager.js:492
[    2290ms] [WARNING] [SpawnManager] Failed to find ground for Frog at 74.5, 88.5 @ http://localhost:3000/src/game/systems/SpawnManager.js:492
[    2290ms] [WARNING] [SpawnManager] Failed to find ground for Frog at 71.3, 87.4 @ http://localhost:3000/src/game/systems/SpawnManager.js:492
[    2291ms] [WARNING] [SpawnManager] Failed to find ground for Tiger at -23.6, 37.7 @ http://localhost:3000/src/game/systems/SpawnManager.js:492
[    2291ms] [WARNING] [SpawnManager] Failed to find ground for Tiger at -24.5, 38.0 @ http://localhost:3000/src/game/systems/SpawnManager.js:492
[    2291ms] [WARNING] [SpawnManager] Failed to find ground for HummingBlossom at -20.4, 31.1 @ http://localhost:3000/src/game/systems/SpawnManager.js:492
[    2291ms] [WARNING] [SpawnManager] Failed to find ground for HummingBlossom at -17.7, 38.5 @ http://localhost:3000/src/game/systems/SpawnManager.js:492
[    2291ms] [WARNING] [SpawnManager] Failed to find ground for HummingBlossom at -19.6, 38.5 @ http://localhost:3000/src/game/systems/SpawnManager.js:492
[    2291ms] [WARNING] [SpawnManager] Failed to find ground for HummingBlossom at -17.8, 33.6 @ http://localhost:3000/src/game/systems/SpawnManager.js:492
[    2291ms] [WARNING] [SpawnManager] Failed to find ground for Bunny at 106.0, 37.1 @ http://localhost:3000/src/game/systems/SpawnManager.js:492
[    2291ms] [WARNING] [SpawnManager] Failed to find ground for Bunny at 106.1, 42.3 @ http://localhost:3000/src/game/systems/SpawnManager.js:492
[    2291ms] [WARNING] [SpawnManager] Failed to find ground for Bunny at 111.7, 35.8 @ http://localhost:3000/src/game/systems/SpawnManager.js:492
[    2291ms] [WARNING] [SpawnManager] Failed to find ground for CrystalPlant at 108.7, 34.2 @ http://localhost:3000/src/game/systems/SpawnManager.js:492
[    2291ms] [WARNING] [SpawnManager] Failed to find ground for CrystalPlant at 109.3, 34.8 @ http://localhost:3000/src/game/systems/SpawnManager.js:492
[    2291ms] [WARNING] [SpawnManager] Failed to find ground for CrystalPlant at 107.4, 39.2 @ http://localhost:3000/src/game/systems/SpawnManager.js:492
[    2291ms] [WARNING] [SpawnManager] Failed to find ground for Reindeer at 29.9, 106.7 @ http://localhost:3000/src/game/systems/SpawnManager.js:492
[    2291ms] [WARNING] [SpawnManager] Failed to find ground for Reindeer at 26.4, 104.0 @ http://localhost:3000/src/game/systems/SpawnManager.js:492
[    2291ms] [WARNING] [SpawnManager] Failed to find ground for Reindeer at 23.1, 98.2 @ http://localhost:3000/src/game/systems/SpawnManager.js:492
[    2291ms] [WARNING] [SpawnManager] Failed to find ground for Reindeer at 25.2, 103.3 @ http://localhost:3000/src/game/systems/SpawnManager.js:492
[    2293ms] [WARNING] [SpawnManager] Failed to find ground for Tiger at -9.9, 87.6 @ http://localhost:3000/src/game/systems/SpawnManager.js:492
[    2293ms] [WARNING] [SpawnManager] Failed to find ground for Frog at -27.4, 70.8 @ http://localhost:3000/src/game/systems/SpawnManager.js:492
[    2293ms] [WARNING] [SpawnManager] Failed to find ground for Frog at -32.0, 65.4 @ http://localhost:3000/src/game/systems/SpawnManager.js:492
[    2293ms] [WARNING] [SpawnManager] Failed to find ground for Frog at -36.2, 69.8 @ http://localhost:3000/src/game/systems/SpawnManager.js:492
[    2293ms] [WARNING] [SpawnManager] Failed to find ground for Frog at -32.8, 70.8 @ http://localhost:3000/src/game/systems/SpawnManager.js:492
[    2293ms] [WARNING] [SpawnManager] Failed to find ground for Frog at 8.5, 103.9 @ http://localhost:3000/src/game/systems/SpawnManager.js:492
[    2293ms] [WARNING] [SpawnManager] Failed to find ground for Frog at 8.5, 107.1 @ http://localhost:3000/src/game/systems/SpawnManager.js:492
[    2293ms] [WARNING] [SpawnManager] Failed to find ground for Frog at 14.6, 106.7 @ http://localhost:3000/src/game/systems/SpawnManager.js:492
[    2293ms] [WARNING] [SpawnManager] Failed to find ground for Frog at 14.3, 105.7 @ http://localhost:3000/src/game/systems/SpawnManager.js:492
[    2293ms] [WARNING] [SpawnManager] Failed to find ground for Unicorn at 14.9, 103.7 @ http://localhost:3000/src/game/systems/SpawnManager.js:492
[    2293ms] [WARNING] [SpawnManager] Failed to find ground for Lorax at 17.8, 108.4 @ http://localhost:3000/src/game/systems/SpawnManager.js:492
[    2295ms] [WARNING] [SpawnManager] Failed to find ground for Chicken at 105.4, 4.8 @ http://localhost:3000/src/game/systems/SpawnManager.js:492
[    2295ms] [WARNING] [SpawnManager] Failed to find ground for Chicken at 112.5, 5.0 @ http://localhost:3000/src/game/systems/SpawnManager.js:492
[    2295ms] [WARNING] [SpawnManager] Failed to find ground for Chicken at 105.1, 4.5 @ http://localhost:3000/src/game/systems/SpawnManager.js:492
[    2295ms] [WARNING] [SpawnManager] Failed to find ground for Chicken at 107.8, 8.0 @ http://localhost:3000/src/game/systems/SpawnManager.js:492
[    2295ms] [WARNING] [SpawnManager] Failed to find ground for HelicopterPlant at 111.8, 8.4 @ http://localhost:3000/src/game/systems/SpawnManager.js:492
[    2295ms] [WARNING] [SpawnManager] Failed to find ground for HelicopterPlant at 107.5, 10.2 @ http://localhost:3000/src/game/systems/SpawnManager.js:492
[    2295ms] [WARNING] [SpawnManager] Failed to find ground for HelicopterPlant at 114.3, 8.8 @ http://localhost:3000/src/game/systems/SpawnManager.js:492
[    2295ms] [WARNING] [SpawnManager] Failed to find ground for HelicopterPlant at 112.8, 8.2 @ http://localhost:3000/src/game/systems/SpawnManager.js:492
[    2295ms] [WARNING] [SpawnManager] Failed to find ground for HelicopterPlant at 106.3, 4.3 @ http://localhost:3000/src/game/systems/SpawnManager.js:492
[    2295ms] [WARNING] [SpawnManager] Failed to find ground for HelicopterPlant at 108.1, 5.9 @ http://localhost:3000/src/game/systems/SpawnManager.js:492
[    2295ms] [WARNING] [SpawnManager] Failed to find ground for Elephant at -34.8, 36.8 @ http://localhost:3000/src/game/systems/SpawnManager.js:492
[    2295ms] [WARNING] [SpawnManager] Failed to find ground for Elephant at -37.1, 33.3 @ http://localhost:3000/src/game/systems/SpawnManager.js:492
[    2295ms] [WARNING] [SpawnManager] Failed to find ground for Frog at -26.1, 78.0 @ http://localhost:3000/src/game/systems/SpawnManager.js:492
[    2295ms] [WARNING] [SpawnManager] Failed to find ground for Frog at -27.8, 78.5 @ http://localhost:3000/src/game/systems/SpawnManager.js:492
[    2295ms] [WARNING] [SpawnManager] Failed to find ground for MagicalCreature at -22.7, 79.5 @ http://localhost:3000/src/game/systems/SpawnManager.js:492
[    2295ms] [WARNING] [SpawnManager] Failed to find ground for Turtle at 27.3, 125.8 @ http://localhost:3000/src/game/systems/SpawnManager.js:492
[    2295ms] [WARNING] [SpawnManager] Failed to find ground for Turtle at 35.6, 117.5 @ http://localhost:3000/src/game/systems/SpawnManager.js:492
[    2296ms] [WARNING] [SpawnManager] Failed to find ground for Giraffe at 29.2, 119.0 @ http://localhost:3000/src/game/systems/SpawnManager.js:492
[    2296ms] [WARNING] [SpawnManager] Failed to find ground for Turtle at 99.4, -16.8 @ http://localhost:3000/src/game/systems/SpawnManager.js:492
[    2296ms] [WARNING] [SpawnManager] Failed to find ground for Turtle at 104.2, -17.0 @ http://localhost:3000/src/game/systems/SpawnManager.js:492
[    2296ms] [WARNING] [SpawnManager] Failed to find ground for Kangaroo at 121.6, 30.4 @ http://localhost:3000/src/game/systems/SpawnManager.js:492
[    2296ms] [WARNING] [SpawnManager] Failed to find ground for Frog at -41.9, 22.6 @ http://localhost:3000/src/game/systems/SpawnManager.js:492
[    2296ms] [WARNING] [SpawnManager] Failed to find ground for Frog at -39.9, 25.9 @ http://localhost:3000/src/game/systems/SpawnManager.js:492
[    2296ms] [WARNING] [SpawnManager] Failed to find ground for Frog at -44.7, 28.4 @ http://localhost:3000/src/game/systems/SpawnManager.js:492
[    2296ms] [WARNING] [SpawnManager] Failed to find ground for HelicopterPlant at -42.1, 21.8 @ http://localhost:3000/src/game/systems/SpawnManager.js:492
[    2296ms] [WARNING] [SpawnManager] Failed to find ground for HelicopterPlant at -39.1, 26.6 @ http://localhost:3000/src/game/systems/SpawnManager.js:492
[    2296ms] [WARNING] [SpawnManager] Failed to find ground for HelicopterPlant at -46.3, 30.5 @ http://localhost:3000/src/game/systems/SpawnManager.js:492
[    2296ms] [WARNING] [SpawnManager] Failed to find ground for HelicopterPlant at -47.0, 23.3 @ http://localhost:3000/src/game/systems/SpawnManager.js:492
[    2296ms] [WARNING] [SpawnManager] Failed to find ground for Snake at 118.5, 29.0 @ http://localhost:3000/src/game/systems/SpawnManager.js:492
[    2296ms] [WARNING] [SpawnManager] Failed to find ground for Turtle at 68.2, -41.0 @ http://localhost:3000/src/game/systems/SpawnManager.js:492
[    2296ms] [WARNING] [SpawnManager] Failed to find ground for Mouse at 67.2, 121.5 @ http://localhost:3000/src/game/systems/SpawnManager.js:492
[    2296ms] [WARNING] [SpawnManager] Failed to find ground for Mouse at 68.2, 113.8 @ http://localhost:3000/src/game/systems/SpawnManager.js:492
[    2296ms] [WARNING] [SpawnManager] Failed to find ground for Chimera at 60.7, 119.2 @ http://localhost:3000/src/game/systems/SpawnManager.js:492
[    2296ms] [WARNING] [SpawnManager] Failed to find ground for SnapTrap at 65.1, 113.9 @ http://localhost:3000/src/game/systems/SpawnManager.js:492
[    2296ms] [WARNING] [SpawnManager] Failed to find ground for SnapTrap at 61.9, 118.0 @ http://localhost:3000/src/game/systems/SpawnManager.js:492
[    2296ms] [WARNING] [SpawnManager] Failed to find ground for SnapTrap at 64.0, 120.8 @ http://localhost:3000/src/game/systems/SpawnManager.js:492
[    2297ms] [WARNING] [SpawnManager] Failed to find ground for Snake at 127.9, 72.2 @ http://localhost:3000/src/game/systems/SpawnManager.js:492
[    2297ms] [WARNING] [SpawnManager] Failed to find ground for Snake at 126.1, 77.3 @ http://localhost:3000/src/game/systems/SpawnManager.js:492
[    2297ms] [WARNING] [SpawnManager] Failed to find ground for Pugasus at 130.6, 74.8 @ http://localhost:3000/src/game/systems/SpawnManager.js:492
[    2297ms] [WARNING] [SpawnManager] Failed to find ground for Pugasus at 122.0, 74.2 @ http://localhost:3000/src/game/systems/SpawnManager.js:492
[    2297ms] [WARNING] [SpawnManager] Failed to find ground for Frog at -33.3, 102.1 @ http://localhost:3000/src/game/systems/SpawnManager.js:492
[    2297ms] [WARNING] [SpawnManager] Failed to find ground for Frog at -30.6, 106.5 @ http://localhost:3000/src/game/systems/SpawnManager.js:492
[    2297ms] [WARNING] [SpawnManager] Failed to find ground for Frog at -32.8, 103.8 @ http://localhost:3000/src/game/systems/SpawnManager.js:492
[    2297ms] [WARNING] [SpawnManager] Failed to find ground for Frog at -30.1, 108.3 @ http://localhost:3000/src/game/systems/SpawnManager.js:492
[    2297ms] [WARNING] [SpawnManager] Failed to find ground for Tiger at -9.2, -38.9 @ http://localhost:3000/src/game/systems/SpawnManager.js:492
[    2297ms] [WARNING] [SpawnManager] Failed to find ground for Tiger at -5.7, -30.7 @ http://localhost:3000/src/game/systems/SpawnManager.js:492
[    2297ms] [WARNING] [SpawnManager] Failed to find ground for Bunny at -16.6, 110.2 @ http://localhost:3000/src/game/systems/SpawnManager.js:492
[    2297ms] [WARNING] [SpawnManager] Failed to find ground for Bunny at -17.8, 110.6 @ http://localhost:3000/src/game/systems/SpawnManager.js:492
[    2297ms] [WARNING] [SpawnManager] Failed to find ground for Bunny at -16.4, 111.0 @ http://localhost:3000/src/game/systems/SpawnManager.js:492
[    2297ms] [WARNING] [SpawnManager] Failed to find ground for Lorax at -13.6, 114.8 @ http://localhost:3000/src/game/systems/SpawnManager.js:492
[    2297ms] [WARNING] [SpawnManager] Failed to find ground for Camel at 107.0, 80.7 @ http://localhost:3000/src/game/systems/SpawnManager.js:492
[    2297ms] [WARNING] [SpawnManager] Failed to find ground for Camel at 110.4, 82.2 @ http://localhost:3000/src/game/systems/SpawnManager.js:492
[    2297ms] [WARNING] [SpawnManager] Failed to find ground for Camel at 110.5, 84.9 @ http://localhost:3000/src/game/systems/SpawnManager.js:492
[    2297ms] [WARNING] [SpawnManager] Failed to find ground for Turkey at 32.1, 138.5 @ http://localhost:3000/src/game/systems/SpawnManager.js:492
[    2298ms] [WARNING] [SpawnManager] Failed to find ground for Turkey at 31.1, 147.7 @ http://localhost:3000/src/game/systems/SpawnManager.js:492
[    2298ms] [WARNING] [SpawnManager] Failed to find ground for Turkey at 19.4, 139.8 @ http://localhost:3000/src/game/systems/SpawnManager.js:492
[    2298ms] [WARNING] [SpawnManager] Failed to find ground for Turkey at 26.8, 138.2 @ http://localhost:3000/src/game/systems/SpawnManager.js:492
[    2298ms] [WARNING] [SpawnManager] Failed to find ground for Turkey at 18.8, 141.1 @ http://localhost:3000/src/game/systems/SpawnManager.js:492
[    2298ms] [WARNING] [SpawnManager] Failed to find ground for Pumpkin at 25.7, 136.3 @ http://localhost:3000/src/game/systems/SpawnManager.js:492
[    2298ms] [WARNING] [SpawnManager] Failed to find ground for Pumpkin at 20.7, 141.6 @ http://localhost:3000/src/game/systems/SpawnManager.js:492
[    2298ms] [WARNING] [SpawnManager] Failed to find ground for Pumpkin at 20.0, 142.2 @ http://localhost:3000/src/game/systems/SpawnManager.js:492
[    2298ms] [WARNING] [SpawnManager] Failed to find ground for Pumpkin at 22.1, 143.4 @ http://localhost:3000/src/game/systems/SpawnManager.js:492
[    2303ms] [WARNING] [SpawnManager] Failed to find ground for HelicopterPlant at 2.7, 127.3 @ http://localhost:3000/src/game/systems/SpawnManager.js:492
[    2303ms] [WARNING] [SpawnManager] Failed to find ground for HelicopterPlant at 6.0, 125.6 @ http://localhost:3000/src/game/systems/SpawnManager.js:492
[    2303ms] [WARNING] [SpawnManager] Failed to find ground for HelicopterPlant at 0.3, 130.6 @ http://localhost:3000/src/game/systems/SpawnManager.js:492
[    2303ms] [WARNING] [SpawnManager] Failed to find ground for HelicopterPlant at 2.7, 127.2 @ http://localhost:3000/src/game/systems/SpawnManager.js:492
[    2303ms] [WARNING] [SpawnManager] Failed to find ground for Frog at -35.0, 101.2 @ http://localhost:3000/src/game/systems/SpawnManager.js:492
[    2303ms] [WARNING] [SpawnManager] Failed to find ground for Frog at -38.7, 105.3 @ http://localhost:3000/src/game/systems/SpawnManager.js:492
[    2303ms] [WARNING] [SpawnManager] Failed to find ground for Frog at -34.1, 102.7 @ http://localhost:3000/src/game/systems/SpawnManager.js:492
[    2303ms] [WARNING] [SpawnManager] Failed to find ground for HelicopterPlant at -37.2, 107.1 @ http://localhost:3000/src/game/systems/SpawnManager.js:492
[    2303ms] [WARNING] [SpawnManager] Failed to find ground for HelicopterPlant at -36.1, 107.6 @ http://localhost:3000/src/game/systems/SpawnManager.js:492
[    2303ms] [WARNING] [SpawnManager] Failed to find ground for HelicopterPlant at -29.6, 107.5 @ http://localhost:3000/src/game/systems/SpawnManager.js:492
[    2303ms] [WARNING] [SpawnManager] Failed to find ground for TRex at 117.4, -33.1 @ http://localhost:3000/src/game/systems/SpawnManager.js:492
[    2303ms] [WARNING] [SpawnManager] Failed to find ground for SporeCloud at 118.9, -27.8 @ http://localhost:3000/src/game/systems/SpawnManager.js:492
[    2303ms] [WARNING] [SpawnManager] Failed to find ground for SporeCloud at 121.7, -31.5 @ http://localhost:3000/src/game/systems/SpawnManager.js:492
[    2303ms] [WARNING] [SpawnManager] Failed to find ground for SporeCloud at 117.2, -35.7 @ http://localhost:3000/src/game/systems/SpawnManager.js:492
[    2303ms] [WARNING] [SpawnManager] Failed to find ground for SporeCloud at 118.3, -35.3 @ http://localhost:3000/src/game/systems/SpawnManager.js:492
[    2304ms] [WARNING] [SpawnManager] Failed to find ground for Kangaroo at 115.2, 97.4 @ http://localhost:3000/src/game/systems/SpawnManager.js:492
[    2304ms] [WARNING] [SpawnManager] Failed to find ground for Kangaroo at 113.4, 99.9 @ http://localhost:3000/src/game/systems/SpawnManager.js:492
[    2304ms] [WARNING] [SpawnManager] Failed to find ground for Turtle at -62.8, 86.3 @ http://localhost:3000/src/game/systems/SpawnManager.js:492
[    2306ms] [WARNING] [SpawnManager] Failed to find ground for HelicopterPlant at 87.9, 132.8 @ http://localhost:3000/src/game/systems/SpawnManager.js:492
[    2306ms] [WARNING] [SpawnManager] Failed to find ground for HelicopterPlant at 80.3, 133.8 @ http://localhost:3000/src/game/systems/SpawnManager.js:492
[    2306ms] [WARNING] [SpawnManager] Failed to find ground for HelicopterPlant at 81.7, 137.4 @ http://localhost:3000/src/game/systems/SpawnManager.js:492
[    2306ms] [WARNING] [SpawnManager] Failed to find ground for HelicopterPlant at 85.5, 133.5 @ http://localhost:3000/src/game/systems/SpawnManager.js:492
[    2306ms] [WARNING] [SpawnManager] Failed to find ground for HelicopterPlant at 83.0, 138.9 @ http://localhost:3000/src/game/systems/SpawnManager.js:492
[    2306ms] [WARNING] [SpawnManager] Failed to find ground for Duck at 140.5, 0.4 @ http://localhost:3000/src/game/systems/SpawnManager.js:492
[    2306ms] [WARNING] [SpawnManager] Failed to find ground for Duck at 139.8, -7.0 @ http://localhost:3000/src/game/systems/SpawnManager.js:492
[    2306ms] [WARNING] [SpawnManager] Failed to find ground for Snake at 142.7, 106.1 @ http://localhost:3000/src/game/systems/SpawnManager.js:492
[    2306ms] [WARNING] [SpawnManager] Failed to find ground for Snake at 137.8, 107.7 @ http://localhost:3000/src/game/systems/SpawnManager.js:492
[    2306ms] [WARNING] [SpawnManager] Failed to find ground for Dragon at 143.1, 104.4 @ http://localhost:3000/src/game/systems/SpawnManager.js:492
[    2306ms] [WARNING] [SpawnManager] Failed to find ground for DuneWorm at 139.3, 106.1 @ http://localhost:3000/src/game/systems/SpawnManager.js:492
[    2306ms] [WARNING] [SpawnManager] Failed to find ground for HummingBlossom at 132.0, 122.6 @ http://localhost:3000/src/game/systems/SpawnManager.js:492
[    2306ms] [WARNING] [SpawnManager] Failed to find ground for HummingBlossom at 126.3, 122.1 @ http://localhost:3000/src/game/systems/SpawnManager.js:492
[    2306ms] [WARNING] [SpawnManager] Failed to find ground for HummingBlossom at 131.6, 127.3 @ http://localhost:3000/src/game/systems/SpawnManager.js:492
[    2306ms] [WARNING] [SpawnManager] Failed to find ground for HummingBlossom at 125.3, 128.7 @ http://localhost:3000/src/game/systems/SpawnManager.js:492
[    2603ms] [WARNING] [Game] Frame took 1118.9ms, capping dt to 50ms @ http://localhost:3000/src/game/VoxelGame.jsx:1780
[    4543ms] [WARNING] [Game] Frame took 1940.3ms, capping dt to 50ms @ http://localhost:3000/src/game/VoxelGame.jsx:1780
[    4645ms] [WARNING] [Game] Frame took 101.5ms, capping dt to 50ms @ http://localhost:3000/src/game/VoxelGame.jsx:1780
[    5085ms] [WARNING] [Game] Frame took 420.5ms, capping dt to 50ms @ http://localhost:3000/src/game/VoxelGame.jsx:1780
[    5157ms] [WARNING] [Game] Frame took 63.9ms, capping dt to 50ms @ http://localhost:3000/src/game/VoxelGame.jsx:1780
[    7631ms] [WARNING] [Game] Frame took 60.3ms, capping dt to 50ms @ http://localhost:3000/src/game/VoxelGame.jsx:1780
[    9978ms] [WARNING] [Agent] SDK Validation failed: SDK VALIDATION ERRORS (must fix before running):

❌ Time.time returns total time, not deltaTime
   Fix: Use Time.deltaTime for frame-based calculations (e.g., this.time += Time.deltaTime)
 @ http://localhost:3000/src/game/entities/Agent.js:468
[   15397ms] [WARNING] [Game] Frame took 52.5ms, capping dt to 50ms @ http://localhost:3000/src/game/VoxelGame.jsx:1780
[   17191ms] [WARNING] [TaskManager] cost_info received but no task found! taskId=null, lastRunningTaskId=null @ http://localhost:3000/src/game/ai/TaskManager.js:271
